python : Traceback (most 
recent call last):
At line:1 char:1
+ python backend/tests/repro
_studio_fix.py > 
test_output.txt 2>&1
+ ~~~~~~~~~~~~~~~~~~~~~~~~~~
~~~~~~~~~~~~~~~~~~~~~~~~~~~~
~~~~~~~~~
    + CategoryInfo          
    : NotSpecified: (Trace  
  back (most recent call    
 last)::String) [], Remo    
teException
    + FullyQualifiedErrorId 
    : NativeCommandError
 
  File "C:\Computing\MolForg
e\backend\tests\repro_studio
_fix.py", line 24, in 
<module>
    from backend.services.st
udio_service import 
StudioService
  File "C:\Computing\MolForg
e\backend\services\__init__.
py", line 3, in <module>
    from .molecule_service 
import MoleculeService
  File "C:\Computing\MolForg
e\backend\services\molecule_
service.py", line 11, in 
<module>
    class MoleculeService:
  File "C:\Computing\MolForg
e\backend\services\molecule_
service.py", line 33, in 
MoleculeService
    def get_molecule(db: 
Session, molecule_id: int) 
-> Optional[Molecule]:
                            
                           
~~~~~~~~^^^^^^^^^^
  File "C:\Users\tanmm\AppDa
ta\Local\Programs\Python\Pyt
hon311\Lib\typing.py", line 
363, in inner
    return func(*args, 
**kwds)
           
^^^^^^^^^^^^^^^^^^^
  File "C:\Users\tanmm\AppDa
ta\Local\Programs\Python\Pyt
hon311\Lib\typing.py", line 
479, in __getitem__
    return 
self._getitem(self, 
parameters)
           ^^^^^^^^^^^^^^^^^
^^^^^^^^^^^^^^
  File "C:\Users\tanmm\AppDa
ta\Local\Programs\Python\Pyt
hon311\Lib\typing.py", line 
698, in Optional
    arg = 
_type_check(parameters, 
f"{self} requires a single 
type.")
          ^^^^^^^^^^^^^^^^^^
^^^^^^^^^^^^^^^^^^^^^^^^^^^^
^^^^^^^^^^^^
  File "C:\Users\tanmm\AppDa
ta\Local\Programs\Python\Pyt
hon311\Lib\typing.py", line 
186, in _type_check
    arg = 
_type_convert(arg, 
module=module, allow_special
_forms=allow_special_forms)
          ^^^^^^^^^^^^^^^^^^
^^^^^^^^^^^^^^^^^^^^^^^^^^^^
^^^^^^^^^^^^^^^^^^^^^^^^^^^^
  File "C:\Users\tanmm\AppDa
ta\Local\Programs\Python\Pyt
hon311\Lib\typing.py", line 
164, in _type_convert
    return ForwardRef(arg, 
module=module, is_class=allo
w_special_forms)
           ^^^^^^^^^^^^^^^^^
^^^^^^^^^^^^^^^^^^^^^^^^^^^^
^^^^^^^^^^^^^^^
  File "C:\Users\tanmm\AppDa
ta\Local\Programs\Python\Pyt
hon311\Lib\typing.py", line 
844, in __init__
    code = 
compile(arg_to_compile, 
'<string>', 'eval')
           ^^^^^^^^^^^^^^^^^
^^^^^^^^^^^^^^^^^^^^^^^^^^
TypeError: compile() arg 1 
must be a string, bytes or 
AST object
